[0.009s][info][gc] Using Serial
[3.993s][info][gc] GC(0) Pause Young (Allocation Failure) 4M->2M(15M) 3.973ms
[4.072s][info][gc] GC(1) Pause Young (Allocation Failure) 6M->2M(15M) 2.903ms
[4.119s][info][gc] GC(2) Pause Young (Allocation Failure) 7M->3M(15M) 1.482ms
[4.250s][info][gc] GC(3) Pause Young (Allocation Failure) 7M->3M(15M) 1.688ms
[5.401s][info][gc] GC(4) Pause Young (Allocation Failure) 7M->4M(15M) 3.591ms
[31.792s][info][gc] GC(5) Pause Young (Allocation Failure) 8M->4M(15M) 1.928ms
[31.806s][info][gc] GC(6) Pause Young (Allocation Failure) 8M->4M(15M) 0.573ms
[31.815s][info][gc] GC(7) Pause Young (Allocation Failure) 8M->4M(15M) 0.615ms
[31.823s][info][gc] GC(8) Pause Young (Allocation Failure) 8M->4M(15M) 0.567ms
[31.832s][info][gc] GC(9) Pause Young (Allocation Failure) 8M->4M(15M) 0.601ms
[32.417s][info][gc] GC(10) Pause Young (Allocation Failure) 8M->4M(15M) 1.234ms
[68.434s][info][gc] GC(11) Pause Young (Allocation Failure) 8M->4M(15M) 3.302ms
[92.086s][info][gc] GC(12) Pause Young (Allocation Failure) 8M->4M(15M) 0.990ms
[92.094s][info][gc] GC(13) Pause Young (Allocation Failure) 8M->4M(15M) 0.695ms
[92.101s][info][gc] GC(14) Pause Young (Allocation Failure) 8M->4M(15M) 0.646ms
[92.108s][info][gc] GC(15) Pause Young (Allocation Failure) 8M->4M(15M) 0.782ms
[92.116s][info][gc] GC(16) Pause Young (Allocation Failure) 8M->4M(15M) 0.972ms
[102.464s][info][gc] GC(17) Pause Young (Allocation Failure) 8M->4M(15M) 0.904ms
[138.491s][info][gc] GC(18) Pause Young (Allocation Failure) 8M->4M(15M) 0.757ms
